[?25l[?2004h]2;Gentleman.Dots Installer✨ CORRECT! ✨[K
[K
✨ Perfect! Optimal solution![K
[K
📖 Explanation:[K
   w (word) moves the cursor to the start of the next word. It's the most basic 
[K
Session Score: 0  |  Streak: 0[K
[K
                             [K
[Enter] continue • [Esc] back[K[10A [K[J[2K[?2004l[?25h[?1002l[?1003l[?1006l