[?25l[?2004h]2;Javi.Dots Installer                                                                                
  ✨ CORRECT! ✨                                                                
                                                                                
  ✨ Perfect! Optimal solution!                                                 
                                                                                
  📖 Explanation:                                                               
     w (word) moves the cursor to the start of the next word. It's the most basi
                                                                                
  Session Score: 0  |  Streak: 0                                                
                                                                                
                                                                                
  [Enter] continue • [Esc] back                                                 [11A [K[J[2K[?2004l[?25h[?1002l[?1003l[?1006l