[?25l[?2004h]2;Gentleman.Dots Installer                                                                               [K
  🎮 Lesson Mode: horizontal                                                   [K
                                                                               [K
  Exercise 1 of 19                                                             [K
                                                                               [K
  📋 Mission:                                                                  [K
     Move to the start of 'userName' using w (word)                            [K
                                                                               [K
  📝 Code:                                                                     [K
  ────────────────────────────────────────────────────────────                 [K
   1 │ const userName = 'gentleman';                                           [K
  ────────────────────────────────────────────────────────────                 [K
                                                                               [K
  ⌨️  Your answer:                                                             [K
  ╭───────╮                                                                    [K
  │       │                                                                    [K
  │  ...  │                                                                    [K
  │       │                                                                    [K
  ╰───────╯                                                                    [K
                                                                               [K
                                                                               [K
  Type command • [Enter] submit • [Tab] hint • [Backspace] clear • [Esc] quit  [K[21A [K[J[2K[?2004l[?25h[?1002l[?1003l[?1006l