[?25l[?2004h]2;Javi.Dots Installer                                                        [K
  ❌ Installation Failed                                [K
                                                        [K
  Error:                                                [K
  Test error: something went wrong during installation  [K
                                                        [K
                                                        [K
  [r] retry • [space+q] quit                            [K[7A [K[J[2K[?2004l[?25h[?1002l[?1003l[?1006l