[?25l[?2004h]2;Gentleman.Dots Installer                                       [K
  ✨ Installation Complete! ✨         [K
                                       [K
  Summary                              [K
                                       [K
                                       [K
    • OS: mac                          [K
    • ✓ Terminal: Ghostty              [K
    • ✓ Shell: Fish                    [K
    • ✓ Multiplexer: Tmux              [K
    • ✓ Neovim: LazyVim configuration  [K
    • ✗ AI Assistants (none selected)  [K
                                       [K
  Next Step                            [K
                                       [K
                                       [K
  To use your new shell now, run:      [K
     exec fish                         [K
                                       [K
                                       [K
  Press [Enter] or [q] to exit         [K[20A [K[J[2K[?2004l[?25h[?1002l[?1003l[?1006l