[?25l[?2004h]2;Javi.Dots Installer                                                            [K
  ⚠️  Existing Configs Detected                             [K
                                                            [K
  The following configs will be overwritten:                [K
                                                            [K
    ⚠️  .config/nvim                                        [K
    ⚠️  .zshrc                                              [K
    ⚠️  .tmux.conf                                          [K
                                                            [K
  Creating a backup allows you to restore later if needed.  [K
                                                            [K
    ▸ ✅ Install with Backup (recommended)                  [K
        ⚠️  Install without Backup                          [K
        ❌ Cancel                                           [K
                                                            [K
                                                            [K
  ↑/k up • ↓/j down • [Enter] select • [Esc] back           [K[16A [K[J[2K[?2004l[?25h[?1002l[?1003l[?1006l