[?25l[?2004h]2;Gentleman.Dots Installer⚔️  BOSS FIGHT: The Line Walker[K
Lives: ❤️ ❤️ ❤️   |  Step: 1/5[K
[K
📋 Challenge:[K
   Move to the 'e' in 'getUser'[K
[K
📝 Code:[K
────────────────────────────────────────────────────────────[K
 1 │ const getUserProfile = (userId) => fetchUserData(userId).then(processProfil
────────────────────────────────────────────────────────────[K
[K
⌨️  Your answer:[K
╭───────╮[K
│       │[K
│  ...  │[K
│       │[K
╰───────╯[K
[K
                                             [K
Type command • [Enter] submit • [Esc] forfeit[K[19A [K[J[2K[?2004l[?25h[?1002l[?1003l[?1006l