[?25l[?2004h]2;Gentleman.Dots Installer✨ Installation Complete! ✨[K
[K
Summary[K
       [K
  • OS: mac[K
  • Terminal: ghostty[K
  • Shell: fish[K
  • Window Manager: tmux[K
  • Editor: Neovim with Gentleman config[K
[K
⚠️  Restart your terminal or run:[K
   exec fish[K
[K
                            [K
Press [Enter] or [q] to exit[K[14A [K[J[2K[?2004l[?25h[?1002l[?1003l[?1006l