[?25l[?2004h]2;Gentleman.Dots InstallerSummary[K
       [K
  • OS: mac[K
  • Terminal: ghostty[K
  • Shell: fish[K
  • Window Manager: tmux[K
  • Editor: Neovim with Gentleman config[K
[K
Next Steps[K
          [K
[K
1. To use your new shell now, run:[K
   exec fish[K
[K
2. To make it your default shell, run:[K
   # Find shell path[K
   which fish       [K
   # Add to allowed shells (needs sudo)[K
   sudo sh -c 'echo $(which fish) >> /etc/shells'[K
   # Set as default[K
   chsh -s $(which fish)[K
[K
                            [K
Press [Enter] or [q] to exit[K[23A [K[J[2K[?2004l[?25h[?1002l[?1003l[?1006l