[?25l[?2004h]2;Gentleman.Dots Installer                                                                                
  🎮 Vim Mastery Trainer                                                        
                                                                                
  Master Vim motions through progressive challenges                             
                                                                                
  📊 Score: 0  |  🔥 Streak: 0  |  👑 Bosses: 0/7                               
                                                                                
  Select a Module:                                                              
                                                                                
    ▸ 📖 🏃 Horizontal Motions - w, W, e, E, b, B, f, F, t, T, ;, ,, 0, $, ^    
       Lessons: 0/0                                                             
    🔒 📐 Vertical Motions - j, k, gg, G, {, }, H, M, L, ctrl+d/u/f/b           
    🔒 🎯 Text Objects - ciw, caw, ci", ca", ci{, ca{, di*, yi*, vi*            
    🔒 🔁 Change & Repeat - *, #, n, N, gn, cgn, dgn, .                         
    🔒 🔄 Substitution - :s, :%s, ranges, flags (g, c, i, I)                    
    🔒 🔍 Regex & Vimgrep - /, ?, \v, :vimgrep, quickfix                        
    🔒 🎪 Macros - qa, q, @a, @@, :normal                                       
                                                                                
                                                                                
  ↑/k up • ↓/j down • [Enter/l] lesson • [p] practice • [b] boss • [r] reset • [[19A [K[J[2K[?2004l[?25h[?1002l[?1003l[?1006l