[?25l[?2004h]2;Gentleman.Dots Installer        ██████████                      ██████████            [K
                                                              [K
                                                                                
 ██████╗ ███████╗███╗   ██╗████████╗██╗     ███████╗███╗   ███╗ █████╗ ███╗   ██
██╔════╝ ██╔════╝████╗  ██║╚══██╔══╝██║     ██╔════╝████╗ ████║██╔══██╗████╗  ██
██║  ███╗█████╗  ██╔██╗ ██║   ██║   ██║     █████╗  ██╔████╔██║███████║██╔██╗ ██
██║   ██║██╔══╝  ██║╚██╗██║   ██║   ██║     ██╔══╝  ██║╚██╔╝██║██╔══██║██║╚██╗██
╚██████╔╝███████╗██║ ╚████║   ██║   ███████╗███████╗██║ ╚═╝ ██║██║  ██║██║ ╚████
 ╚═════╝ ╚══════╝╚═╝  ╚═══╝   ╚═╝   ╚══════╝╚══════╝╚═╝     ╚═╝╚═╝  ╚═╝╚═╝  ╚═══
                        ██████╗  ██████╗ ████████╗███████╗                      
                        ██╔══██╗██╔═══██╗╚══██╔══╝██╔════╝                      
                        ██║  ██║██║   ██║   ██║   ███████╗                      
                        ██║  ██║██║   ██║   ██║   ╚════██║                      
                        ██████╔╝╚██████╔╝   ██║   ███████║                      
                        ╚═════╝  ╚═════╝    ╚═╝   ╚══════╝                      
                                                                                
                                                                                
[K
Detected: macOS | Homebrew ✓[K
[K
Your terminal environment, configured in minutes.[K
[K
                                          [K
Press [Enter] to start • [Space q] to quit[K[23A [K[J[2K[?2004l[?25h[?1002l[?1003l[?1006l